// Jest Snapshot v1, https://goo.gl/fbAQLP

exports[`renders default variant correctly 1`] = `
<div>
  <button
    class="sc-AxiKw cXTHF"
    color="pulse"
  >
    <span
      class="sc-AxjAm iMxqKn"
    >
      ConfirmationButton
    </span>
  </button>
</div>
`;
