// Jest Snapshot v1, https://goo.gl/fbAQLP

exports[`displays tile 1`] = `
<div>
  <a
    class="tile"
    data-analyticsid="tile"
  >
    <div
      class="title-wrapper"
    >
      <svg
        aria-hidden="true"
        class="hnds-style-icon"
        data-analyticsid="icon"
        fill="black"
        focusable="false"
        height="64"
        role="presentation"
        style="min-width: 64px; min-height: 64px;"
        viewBox="0 0 48 48"
        width="64"
      >
        <g
          fill-rule="evenodd"
        >
          <path
            d="M24.65 25.937h-4.88v-1.3h3.58v-4.862h1.3zM16.272 36.651l-.954-.883 2.632-2.845.954.883zM31.728 36.651l-2.632-2.845.954-.883 2.632 2.845z"
          />
          <path
            d="M24 14.602c-5.447 0-9.879 4.432-9.879 9.88 0 5.446 4.432 9.877 9.879 9.877 5.447 0 9.878-4.43 9.878-9.878 0-5.447-4.431-9.879-9.878-9.879m0 21.057c-6.164 0-11.179-5.015-11.179-11.178 0-6.164 5.015-11.179 11.179-11.179 6.164 0 11.178 5.015 11.178 11.18 0 6.162-5.014 11.177-11.178 11.177"
          />
          <path
            d="M16.287 12.44h-.005a3.418 3.418 0 00-2.435 1.013 3.435 3.435 0 00.557 5.306 11.19 11.19 0 014.936-4.43 3.407 3.407 0 00-3.053-1.89zm-1.33 8.03l-.556-.241a4.74 4.74 0 01-2.859-4.336 4.707 4.707 0 011.384-3.357 4.715 4.715 0 013.354-1.396h.007c2.08 0 3.892 1.344 4.513 3.346l.18.579-.565.219a9.885 9.885 0 00-5.178 4.649l-.28.538zm13.704-6.14a11.179 11.179 0 014.935 4.428 3.438 3.438 0 001.563-2.879 3.45 3.45 0 00-3.446-3.44h-.006a3.407 3.407 0 00-3.046 1.89zm4.382 6.14l-.28-.537a9.884 9.884 0 00-5.178-4.649l-.563-.22.179-.578a4.713 4.713 0 014.504-3.346h.008a4.75 4.75 0 014.745 4.737 4.738 4.738 0 01-2.86 4.35l-.555.242z"
          />
        </g>
      </svg>
      <span
        class="tile__title"
      >
        Title
      </span>
    </div>
    <p
      class="tile__description"
    >
      Description
    </p>
  </a>
</div>
`;
