// Vitest Snapshot v1, https://vitest.dev/guide/snapshot.html

exports[`Gitt at Duolist skal vises > NÃ¥r Duolist skal vises vanlig > SÃ¥ rendres den som den skal 1`] = `
<div>
  <div
    class=""
    data-analyticsid="duolist"
    data-testid="test01"
  >
    <dl
      class="duolist duolist--not-collapsed"
      style="grid-template-columns: auto minmax(60%, 1fr);"
    >
      <dt
        class="duolist__dt duolist__dt--bold"
      >
        test term 1
      </dt>
      <dd
        class="duolist__dd"
      >
        test description 1
      </dd>
      <dt
        class="duolist__dt duolist__dt--bold"
      >
        test term 2
      </dt>
      <dd
        class="duolist__dd"
      >
        test description 2
      </dd>
    </dl>
  </div>
</div>
`;
