// Jest Snapshot v1, https://goo.gl/fbAQLP

exports[`renders default variant correctly 1`] = `
<div>
  <button
    class="button is-confirmation"
    type="button"
  >
    <span>
      ConfirmationButton
    </span>
  </button>
</div>
`;
