// Jest Snapshot v1, https://goo.gl/fbAQLP

exports[`displays default spacer 1`] = `
<div>
  <span
    class="sc-AxjAm fEkUGG"
  />
</div>
`;
