// Jest Snapshot v1, https://goo.gl/fbAQLP

exports[`Gitt at Select skal vises Når Select rendres Så vises Select 1`] = `
<div>
  <div
    class="error-wrapper"
  >
    <div
      class="select-wrapper"
      data-analyticsid="select"
    >
      <div
        class="select-wrapper__label-wrapper"
      >
        <label
          for="test01"
        >
          Label test
        </label>
      </div>
      <div
        class="select-inner-wrapper"
      >
        <svg
          aria-hidden="true"
          class="hnds-style-icon select-arrow"
          data-analyticsid="icon"
          fill="#126F87"
          focusable="false"
          height="38"
          role="presentation"
          style="min-width: 38px; min-height: 38px;"
          viewBox="0 0 48 48"
          width="38"
        >
          <path
            d="M32.577 17.885l1.793 1.779-10.371 10.451L13.63 19.664l1.793-1.779 8.576 8.644z"
          />
        </svg>
        <select
          aria-invalid="false"
          class="select"
          id="test01"
          name="test01"
        >
          <option
            value="Option 1"
          >
            Option 1
          </option>
          <option
            value="Option 2"
          >
            Option 2
          </option>
          <option
            value="Option 3"
          >
            Option 3
          </option>
        </select>
      </div>
    </div>
  </div>
</div>
`;
