// Jest Snapshot v1, https://goo.gl/fbAQLP

exports[`renders default variant correctly 1`] = `
<div>
  <button
    class="sc-AxiKw fynHZr"
    color="vein"
  >
    <span
      class="sc-AxjAm iMxqKn"
    >
      StartButton
    </span>
  </button>
</div>
`;
