// Vitest Snapshot v1, https://vitest.dev/guide/snapshot.html

exports[`Gitt at PopOver skal vises > Når den skal vises vanlig > Så vises PopOver som vanlig 1`] = `
<div>
  <span>
    Test
  </span>
  <div
    class="popover popover--visible"
    data-analyticsid="pop-over"
    data-testid="test01"
    style="z-index: 11000; right: 12px; top: 16px; width: -24px;"
  >
    Test tekst
  </div>
  <div
    class="popover__arrow popover__arrow--over popover__arrow--visible"
    style="z-index: 11000; right: 24px; top: 0px;"
  />
</div>
`;
