// Jest Snapshot v1, https://goo.gl/fbAQLP

exports[`Gitt at NotificationPanel skal vises Når bruker ser compact-variant Så vises innhold 1`] = `
<div>
  <div
    class="notification-panel notification-panel--info notification-panel__compact notification-panel__compact--basic notification-panel--has-children"
    data-analyticsid="notification-panel"
  >
    <span
      class="notification-panel__icon"
    >
      <svg
        aria-hidden="true"
        class="hnds-style-icon"
        data-analyticsid="icon"
        fill="#08667C"
        focusable="false"
        height="38"
        role="presentation"
        style="min-width: 38px; min-height: 38px;"
        viewBox="0 0 48 48"
        width="38"
      >
        <path
          d="M26.367 31.224h-4.7v-.543a8.88 8.88 0 00.38-.037c.124-.015.23-.04.32-.075a.612.612 0 00.334-.255.881.881 0 00.097-.443v-6.324a.868.868 0 00-.12-.458 1.001 1.001 0 00-.297-.315 1.543 1.543 0 00-.405-.171 2.644 2.644 0 00-.495-.105v-.543l3.645-.192.11.11v7.9c0 .174.038.322.112.443a.67.67 0 00.32.271 2.363 2.363 0 00.699.194v.543zm-2.64-14.998a1.556 1.556 0 11-.002 3.111 1.556 1.556 0 01.002-3.11zM24 8.728C15.58 8.728 8.728 15.578 8.728 24c0 8.42 6.852 15.272 15.273 15.272 8.42 0 15.27-6.852 15.27-15.272 0-8.421-6.85-15.272-15.27-15.272z"
        />
      </svg>
    </span>
    <div
      class="notification-panel__content"
      id="test"
    />
  </div>
  <div
    class="notification-panel notification-panel--info notification-panel__compact notification-panel__compact--outline notification-panel--has-children"
    data-analyticsid="notification-panel"
  >
    <span
      class="notification-panel__icon"
    >
      <svg
        aria-hidden="true"
        class="hnds-style-icon"
        data-analyticsid="icon"
        fill="#08667C"
        focusable="false"
        height="38"
        role="presentation"
        style="min-width: 38px; min-height: 38px;"
        viewBox="0 0 48 48"
        width="38"
      >
        <path
          d="M26.367 31.224h-4.7v-.543a8.88 8.88 0 00.38-.037c.124-.015.23-.04.32-.075a.612.612 0 00.334-.255.881.881 0 00.097-.443v-6.324a.868.868 0 00-.12-.458 1.001 1.001 0 00-.297-.315 1.543 1.543 0 00-.405-.171 2.644 2.644 0 00-.495-.105v-.543l3.645-.192.11.11v7.9c0 .174.038.322.112.443a.67.67 0 00.32.271 2.363 2.363 0 00.699.194v.543zm-2.64-14.998a1.556 1.556 0 11-.002 3.111 1.556 1.556 0 01.002-3.11zM24 8.728C15.58 8.728 8.728 15.578 8.728 24c0 8.42 6.852 15.272 15.273 15.272 8.42 0 15.27-6.852 15.27-15.272 0-8.421-6.85-15.272-15.27-15.272z"
        />
      </svg>
    </span>
    <div
      class="notification-panel__content"
      id="test"
    />
  </div>
</div>
`;

exports[`Gitt at NotificationPanel skal vises Når panelet kan lukkes Så kalles onClick-handleren når man klikker på knappen 1`] = `
<div>
  <div
    class="notification-panel notification-panel--info notification-panel--has-children notification-panel--dismissable"
    data-analyticsid="notification-panel"
  >
    <span
      class="notification-panel__icon"
    >
      <svg
        aria-hidden="true"
        class="hnds-style-icon"
        data-analyticsid="icon"
        fill="#08667C"
        focusable="false"
        height="48"
        role="presentation"
        style="min-width: 48px; min-height: 48px;"
        viewBox="0 0 48 48"
        width="48"
      >
        <path
          d="M26.372 31.239h-4.709v-.544c.129-.01.256-.022.38-.037a1.31 1.31 0 00.32-.075.614.614 0 00.335-.256.883.883 0 00.097-.444v-6.337a.87.87 0 00-.119-.459 1.003 1.003 0 00-.298-.316 1.546 1.546 0 00-.406-.171 2.65 2.65 0 00-.496-.105v-.544l3.652-.193.111.111v7.917c0 .174.038.322.112.443a.672.672 0 00.321.272 2.368 2.368 0 00.7.194v.544zM23.726 16.21a1.559 1.559 0 11-.002 3.118 1.559 1.559 0 01.002-3.118zm.275-7.514C15.562 8.696 8.696 15.561 8.696 24c0 8.438 6.866 15.304 15.305 15.304 8.438 0 15.303-6.866 15.303-15.304 0-8.439-6.865-15.304-15.303-15.304z"
        />
      </svg>
    </span>
    <span
      class="notification-panel__close"
    >
      <button
        aria-label="Lukk"
        class="close"
        data-analyticsid="close"
        type="button"
      >
        <svg
          aria-hidden="true"
          class="hnds-style-icon"
          data-analyticsid="icon"
          fill="#000000"
          focusable="false"
          height="48"
          role="presentation"
          style="min-width: 48px; min-height: 48px;"
          viewBox="0 0 48 48"
          width="48"
        >
          <path
            d="M25.403 24l10.259-10.259-1.403-1.403L24 22.597l-10.259-10.26-1.403 1.403L22.597 24 12.338 34.26l1.403 1.403L24 25.403l10.259 10.259 1.403-1.403z"
          />
        </svg>
      </button>
    </span>
    <div
      class="notification-panel__content"
      id="test"
    >
      <div
        class="notification-panel__children"
      >
        Some text here for testing.
      </div>
    </div>
  </div>
</div>
`;

exports[`Gitt at NotificationPanel skal vises Når panelet vises med default props Så rendres komponenten riktig 1`] = `
<div>
  <div
    class="notification-panel notification-panel--info notification-panel--has-children"
    data-analyticsid="notification-panel"
  >
    <span
      class="notification-panel__icon"
    >
      <svg
        aria-hidden="true"
        class="hnds-style-icon"
        data-analyticsid="icon"
        fill="#08667C"
        focusable="false"
        height="48"
        role="presentation"
        style="min-width: 48px; min-height: 48px;"
        viewBox="0 0 48 48"
        width="48"
      >
        <path
          d="M26.372 31.239h-4.709v-.544c.129-.01.256-.022.38-.037a1.31 1.31 0 00.32-.075.614.614 0 00.335-.256.883.883 0 00.097-.444v-6.337a.87.87 0 00-.119-.459 1.003 1.003 0 00-.298-.316 1.546 1.546 0 00-.406-.171 2.65 2.65 0 00-.496-.105v-.544l3.652-.193.111.111v7.917c0 .174.038.322.112.443a.672.672 0 00.321.272 2.368 2.368 0 00.7.194v.544zM23.726 16.21a1.559 1.559 0 11-.002 3.118 1.559 1.559 0 01.002-3.118zm.275-7.514C15.562 8.696 8.696 15.561 8.696 24c0 8.438 6.866 15.304 15.305 15.304 8.438 0 15.303-6.866 15.303-15.304 0-8.439-6.865-15.304-15.303-15.304z"
        />
      </svg>
    </span>
    <div
      class="notification-panel__content"
      id="test"
    >
      <div
        class="notification-panel__children"
      >
        Some text here for testing.
      </div>
    </div>
  </div>
</div>
`;
