// Vitest Snapshot v1, https://vitest.dev/guide/snapshot.html

exports[`Gitt at Dropdown skal vises vanlig > Når Dropdownen har vanlig innhold > Så ser Dropdown ut slik den skal 1`] = `
<div>
  <div
    class="dropdown"
  >
    <span
      class="dropdown__label"
      id="testid-9"
    >
      Ta et valg
    </span>
    <button
      aria-expanded="false"
      aria-haspopup="listbox"
      aria-labelledby="testid-10"
      class="dropdown__toggle dropdown__toggle--on-white"
      data-analyticsid="dropdown"
      type="button"
    >
      <span
        class="dropdown__toggle__label"
        id="testid-10"
      >
        Knapp
      </span>
      <svg
        aria-hidden="true"
        class="hnds-style-icon dropdown__icon"
        data-analyticsid="icon"
        fill="#126F87"
        focusable="false"
        height="38"
        role="presentation"
        style="min-width: 38px; min-height: 38px;"
        viewBox="0 0 48 48"
        width="38"
      >
        <path
          d="M24 14.18v8.556h8.558v2.527H24v8.558h-2.526l-.001-8.558h-8.557v-2.526h8.557v-8.558H24z"
        />
      </svg>
    </button>
    <div
      class="dropdown__content"
      style="width: auto; z-index: 11000;"
    >
      <ul
        aria-labelledby="testid-9"
        class="dropdown__options"
        role="listbox"
        tabindex="-1"
      >
        <li
          aria-selected="false"
          class="dropdown__input"
          id="testid-11-0"
          role="option"
        >
          <h2>
            Innhold i Dropdown
          </h2>
        </li>
      </ul>
      <div
        class="dropdown__close"
      >
        <button
          aria-expanded="false"
          class="button-wrapper"
          data-analyticsid="button"
          type="button"
        >
          <span
            class="button button--normal"
          >
            <span
              class="button__text"
            >
              <span>
                Lukk
              </span>
            </span>
          </span>
        </button>
      </div>
    </div>
  </div>
</div>
`;
