// Jest Snapshot v1, https://goo.gl/fbAQLP

exports[`displays avatar 1`] = `
<div>
  <span
    class="sc-AxjAm jjPIJS"
  >
    Li
  </span>
</div>
`;
