// Jest Snapshot v1, https://goo.gl/fbAQLP

exports[`renders correctly 1`] = `
<div>
  <button
    class="button"
    type="button"
    variant="primary"
  >
    Hello World
  </button>
</div>
`;
