// Jest Snapshot v1, https://goo.gl/fbAQLP

exports[`Gitt at FormLayout skal vises Når FormLayout rendres Så vises FormLayout 1`] = `
<div>
  <div
    class="form-group-wrapper"
    data-analyticsid="form-group"
    tabindex="-1"
  >
    <h4
      class="title title--title4 form-group-wrapper__title"
      data-analyticsid="title"
      style="margin-top: 0rem; margin-bottom: 2rem;"
    >
      One amazing title
    </h4>
    <div
      class="error-wrapper"
    >
      <div
        class="form-group"
      >
        <fieldset
          class="field-set"
          name="One amazing title"
        >
          <legend
            class="field-set__legend"
          >
            Check out these checkboxes!
          </legend>
          <div
            class="form-layout-container"
            data-analyticsid="form-layout"
            style="--min-col-width: 300px;"
          >
            <div
              class="form-layout-child"
            >
              <div
                class="checkbox-wrapper"
                data-analyticsid="checkbox"
              >
                <label
                  class="checkbox-label"
                  for="Checkbox1"
                >
                  <input
                    aria-invalid="false"
                    class="checkbox"
                    id="Checkbox1"
                    name="valueOf"
                    type="checkbox"
                    value="Checkbox 1"
                  />
                  <span
                    class="checkbox__icon-wrapper"
                  />
                  <span
                    class="checkbox-label__text"
                  >
                    Checkbox 1
                  </span>
                </label>
              </div>
            </div>
            <div
              class="form-layout-child"
            >
              <div
                class="checkbox-wrapper"
                data-analyticsid="checkbox"
              >
                <label
                  class="checkbox-label"
                  for="Checkbox2"
                >
                  <input
                    aria-invalid="false"
                    class="checkbox"
                    id="Checkbox2"
                    name="valueOf"
                    type="checkbox"
                    value="Checkbox 2"
                  />
                  <span
                    class="checkbox__icon-wrapper"
                  />
                  <span
                    class="checkbox-label__text"
                  >
                    Checkbox 2
                  </span>
                </label>
              </div>
            </div>
            <div
              class="form-layout-child"
            >
              <div
                class="checkbox-wrapper"
                data-analyticsid="checkbox"
              >
                <label
                  class="checkbox-label"
                  for="Checkbox3"
                >
                  <input
                    aria-invalid="false"
                    class="checkbox"
                    id="Checkbox3"
                    name="valueOf"
                    type="checkbox"
                    value="Checkbox 3"
                  />
                  <span
                    class="checkbox__icon-wrapper"
                  />
                  <span
                    class="checkbox-label__text"
                  >
                    Checkbox 3
                  </span>
                </label>
              </div>
            </div>
          </div>
        </fieldset>
      </div>
    </div>
  </div>
</div>
`;
