// Jest Snapshot v1, https://goo.gl/fbAQLP

exports[`renders default variant correctly 1`] = `
<div>
  <h1>
    Diveboard test
  </h1>
</div>
`;
