// Jest Snapshot v1, https://goo.gl/fbAQLP

exports[`Gitt at en modal skal vises  Når en modal har variant error Så skal bakgrunnen endre seg til riktig farge og det vises et ikon 1`] = `
<div>
  <div
    data-testid="dialog-container"
  >
    <div
      class="modal-overlay"
      data-analyticsid="modal"
      style="z-index: 1300000;"
    >
      <div
        class="align"
      >
        <div
          aria-labelledby="titleid02"
          class="modal modal--error modal--large"
          role="dialog"
        >
          <div
            class="modal__shadow modal__shadow--top"
          />
          <div
            class="modal__contentWrapper"
          >
            <div
              class="modal__closeWrapper"
            >
              <div
                class="modal__closeWrapper__close"
              >
                <button
                  aria-label="Lukk"
                  class="close"
                  data-analyticsid="close"
                  type="button"
                >
                  <svg
                    aria-hidden="true"
                    class="hnds-style-icon"
                    data-analyticsid="icon"
                    fill="#126F87"
                    focusable="false"
                    height="48"
                    role="presentation"
                    style="min-width: 48px; min-height: 48px;"
                    viewBox="0 0 48 48"
                    width="48"
                  >
                    <path
                      d="M25.403 24l10.259-10.259-1.403-1.403L24 22.597l-10.259-10.26-1.403 1.403L22.597 24 12.338 34.26l1.403 1.403L24 25.403l10.259 10.259 1.403-1.403z"
                    />
                  </svg>
                </button>
              </div>
            </div>
            <div
              class="modal__contentWrapper__scroll--large"
            >
              <div />
              <div
                class="modal__contentWrapper__title"
              >
                <div
                  class="modal__iconWrapper"
                >
                  <svg
                    aria-hidden="true"
                    class="hnds-style-icon"
                    data-analyticsid="icon"
                    fill="#C83521"
                    focusable="false"
                    height="48"
                    role="presentation"
                    style="min-width: 48px; min-height: 48px;"
                    viewBox="0 0 48 48"
                    width="48"
                  >
                    <path
                      d="M24.898 21.447v7.228a.893.893 0 01-1.785 0v-7.228a.892.892 0 111.785 0zm.5 11.601a1.394 1.394 0 11-2.787-.001 1.394 1.394 0 012.787.001zm-18.822 6.71h34.847L24.111 8.242 6.576 39.758z"
                    />
                  </svg>
                </div>
                <h3
                  class="title title--title3 modal__title--error"
                  data-analyticsid="title"
                  id="titleid02"
                  style="margin-top: 0rem; margin-bottom: 0rem;"
                >
                  Hei der
                </h3>
              </div>
              <p
                class="modal__description"
              />
              <div />
            </div>
          </div>
          <div
            class="modal__shadow modal__shadow--bottom"
          />
          <div
            class="modal__call-to-action modal__call-to-action--large"
          >
            <button
              class="button-wrapper"
              data-analyticsid="button"
              type="button"
            >
              <div
                class="button button--normal"
              >
                <div
                  class="button__text"
                >
                  <span>
                    OK
                  </span>
                </div>
              </div>
            </button>
            <button
              class="button-wrapper"
              data-analyticsid="button"
              type="button"
            >
              <div
                class="button button--normal button--borderless"
              >
                <div
                  class="button__text"
                >
                  <span>
                    Avbryt
                  </span>
                </div>
              </div>
            </button>
          </div>
        </div>
      </div>
    </div>
  </div>
</div>
`;

exports[`Gitt at en modal skal vises  Når en modal har variant warning Så skal bakgrunnen endre seg til riktig farge og det vises et ikon 1`] = `
<div>
  <div
    data-testid="dialog-container"
  >
    <div
      class="modal-overlay"
      data-analyticsid="modal"
      style="z-index: 1300000;"
    >
      <div
        class="align"
      >
        <div
          aria-labelledby="titleid01"
          class="modal modal--warning modal--large"
          role="dialog"
        >
          <div
            class="modal__shadow modal__shadow--top"
          />
          <div
            class="modal__contentWrapper"
          >
            <div
              class="modal__closeWrapper"
            >
              <div
                class="modal__closeWrapper__close"
              >
                <button
                  aria-label="Lukk"
                  class="close"
                  data-analyticsid="close"
                  type="button"
                >
                  <svg
                    aria-hidden="true"
                    class="hnds-style-icon"
                    data-analyticsid="icon"
                    fill="#126F87"
                    focusable="false"
                    height="48"
                    role="presentation"
                    style="min-width: 48px; min-height: 48px;"
                    viewBox="0 0 48 48"
                    width="48"
                  >
                    <path
                      d="M25.403 24l10.259-10.259-1.403-1.403L24 22.597l-10.259-10.26-1.403 1.403L22.597 24 12.338 34.26l1.403 1.403L24 25.403l10.259 10.259 1.403-1.403z"
                    />
                  </svg>
                </button>
              </div>
            </div>
            <div
              class="modal__contentWrapper__scroll--large"
            >
              <div />
              <div
                class="modal__contentWrapper__title"
              >
                <div
                  class="modal__iconWrapper"
                >
                  <svg
                    aria-hidden="true"
                    class="hnds-style-icon"
                    data-analyticsid="icon"
                    fill="#000000"
                    focusable="false"
                    height="48"
                    role="presentation"
                    style="min-width: 48px; min-height: 48px;"
                    viewBox="0 0 48 48"
                    width="48"
                  >
                    <path
                      d="M24.003 31.578a1.394 1.394 0 100 2.788 1.394 1.394 0 000-2.788zm.098-20.19l14.687 26.735H9.227L24.1 11.388zm.008-2.929L6.816 39.541h34.367L24.109 8.459zm-.106 21.033c.494 0 .893-.4.893-.893v-7.228a.893.893 0 00-1.786 0v7.228c0 .493.4.893.893.893z"
                    />
                  </svg>
                </div>
                <h3
                  class="title title--title3"
                  data-analyticsid="title"
                  id="titleid01"
                  style="margin-top: 0rem; margin-bottom: 0rem;"
                >
                  Hei der
                </h3>
              </div>
              <p
                class="modal__description"
              />
              <div />
            </div>
          </div>
          <div
            class="modal__shadow modal__shadow--bottom"
          />
          <div
            class="modal__call-to-action modal__call-to-action--large"
          >
            <button
              class="button-wrapper"
              data-analyticsid="button"
              type="button"
            >
              <div
                class="button button--normal"
              >
                <div
                  class="button__text"
                >
                  <span>
                    OK
                  </span>
                </div>
              </div>
            </button>
            <button
              class="button-wrapper"
              data-analyticsid="button"
              type="button"
            >
              <div
                class="button button--normal button--borderless"
              >
                <div
                  class="button__text"
                >
                  <span>
                    Avbryt
                  </span>
                </div>
              </div>
            </button>
          </div>
        </div>
      </div>
    </div>
  </div>
</div>
`;

exports[`Gitt at en modal skal vises som printable  Så skal modalen wrappes med Portal 1`] = `"<style media="print">body > *:not(.print-modal) {display: none;}</style><div data-testid="dialog-container"><div class="modal-overlay" data-testid="testid" data-analyticsid="modal" style="z-index: 1300000;"><div class="align"><div class="modal modal--error modal--large" role="dialog" aria-labelledby="test"><div class="modal__shadow modal__shadow--top"></div><div class="modal__contentWrapper"><div class="modal__closeWrapper"><div class="modal__closeWrapper__close"><button data-analyticsid="close" class="close" aria-label="Lukk" type="button"><svg data-analyticsid="icon" class="hnds-style-icon" role="presentation" focusable="false" aria-hidden="true" viewBox="0 0 48 48" style="min-width: 48px; min-height: 48px;" width="48" height="48" fill="#126F87"><path d="M25.403 24l10.259-10.259-1.403-1.403L24 22.597l-10.259-10.26-1.403 1.403L22.597 24 12.338 34.26l1.403 1.403L24 25.403l10.259 10.259 1.403-1.403z"></path></svg></button></div></div><div class="modal__contentWrapper__scroll--large"><div></div><div class="modal__contentWrapper__title"><div class="modal__iconWrapper"><svg data-analyticsid="icon" class="hnds-style-icon" role="presentation" focusable="false" aria-hidden="true" viewBox="0 0 48 48" style="min-width: 48px; min-height: 48px;" width="48" height="48" fill="#C83521"><path d="M24.898 21.447v7.228a.893.893 0 01-1.785 0v-7.228a.892.892 0 111.785 0zm.5 11.601a1.394 1.394 0 11-2.787-.001 1.394 1.394 0 012.787.001zm-18.822 6.71h34.847L24.111 8.242 6.576 39.758z"></path></svg></div><h3 id="test" class="title title--title3 modal__title--error" style="margin-top: 0rem; margin-bottom: 0rem;" data-analyticsid="title">Hei der</h3></div><p class="modal__description">Dette er innhold</p><div></div></div></div><div class="modal__shadow modal__shadow--bottom"></div><div class="modal__call-to-action modal__call-to-action--large"><button data-analyticsid="button" class="button-wrapper" type="button"><div class="button button--normal"><div class="button__text"><span>OK</span></div></div></button><button data-analyticsid="button" class="button-wrapper" type="button"><div class="button button--normal button--borderless"><div class="button__text"><span>Avbryt</span></div></div></button></div></div></div></div></div>"`;
