// Jest Snapshot v1, https://goo.gl/fbAQLP

exports[`renders correctly 1`] = `
<div>
  <button
    class="display-button display-button--primary"
    type="button"
  >
    <span
      class="display-button__content"
    >
      DisplayButton
    </span>
  </button>
</div>
`;
