// Jest Snapshot v1, https://goo.gl/fbAQLP

exports[`displays a notification panel 1`] = `
<div>
  <div
    class="sc-AxirZ lgMsec"
  >
    <span
      class="sc-AxhCb giigQO"
    >
      <svg
        aria-hidden="true"
        class="sc-AxjAm jPyZsV hnds-style-icon "
        fill="#078141"
        height="48"
        role="img"
        viewBox="0 0 48 48"
        width="48"
      >
        <path
          d="M25.672 30.501a.682.682 0 01-.322-.272.835.835 0 01-.11-.443v-7.917l-.112-.112-3.651.194v.544c.148.015.314.05.495.104.18.055.316.112.406.172a.994.994 0 01.299.316.88.88 0 01.119.459v6.337a.879.879 0 01-.098.443.623.623 0 01-.335.257c-.09.035-.197.06-.32.074a8.883 8.883 0 01-.38.038v.544h4.709v-.544a2.45 2.45 0 01-.7-.194M24 37.604c-7.5 0-13.604-6.103-13.604-13.604 0-7.501 6.104-13.603 13.604-13.603 7.502 0 13.602 6.102 13.602 13.603 0 7.501-6.1 13.604-13.601 13.604m0-28.909C15.56 8.695 8.694 15.562 8.694 24c0 8.438 6.867 15.305 15.305 15.305 8.438 0 15.304-6.867 15.304-15.305 0-8.438-6.866-15.305-15.304-15.305m-.274 10.632a1.559 1.559 0 100-3.118 1.559 1.559 0 000 3.118"
        />
      </svg>
    </span>
    <div
      class="sc-AxhUy dkmWPL"
    >
      Some text here for testing.
    </div>
    <span
      class="sc-AxgMl dnqiUY"
    />
  </div>
</div>
`;
