// Jest Snapshot v1, https://goo.gl/fbAQLP

exports[`displays text 1`] = `
<div>
  <span
    class="sc-AxjAm drUKFi"
    color="black"
  >
    123
  </span>
</div>
`;
