// Jest Snapshot v1, https://goo.gl/fbAQLP

exports[`displays h1 default 1`] = `
<div>
  <h1
    class="sc-AxjAm fpVOuj"
  >
    Title
  </h1>
</div>
`;
