// Jest Snapshot v1, https://goo.gl/fbAQLP

exports[`renders default variant correctly 1`] = `
<div>
  <button
    class="button is-action"
  >
    <span>
      ActionButton
    </span>
  </button>
</div>
`;
