// Jest Snapshot v1, https://goo.gl/fbAQLP

exports[`default variant renders correctly 1`] = `
<div>
  <calendar.svg
    class="icon icon--medium"
  />
</div>
`;
