// Jest Snapshot v1, https://goo.gl/fbAQLP

exports[`Gitt ExpanderList blir rendret NÃ¥r det er tre expandere og accordion er false Sjekk at ExpanderList sitt snapshot matcher 1`] = `
<div>
  <div
    style="width: 40rem;"
  >
    <ul
      class="expander-list"
    >
      <li
        class="expander-list__item expander-list__item--top"
      >
        <button
          class="expander-list-link expander-list-link--blueberry expander-list-link--closed"
          data-testid=""
          id="expander-0"
        >
          <span
            class="expander-list-link__link-content"
          >
            Title 1
          </span>
          <span
            class="expander-list-link__icon-container"
          >
            <svg
              aria-hidden="true"
              class="hnds-style-icon expander-list-link__icon"
              fill="black"
              height="38"
              role="img"
              style="min-width: 38px; min-height: 38px;"
              viewBox="0 0 48 48"
              width="38"
            >
              <path
                d="M32.577 17.885l1.793 1.779-10.371 10.451L13.63 19.664l1.793-1.779 8.576 8.644z"
              />
            </svg>
          </span>
        </button>
      </li>
      <li
        class="expander-list__item"
      >
        <button
          class="expander-list-link expander-list-link--blueberry expander-list-link--closed"
          data-testid=""
          id="expander-1"
        >
          <span
            class="expander-list-link__link-content"
          >
            Title 2
          </span>
          <span
            class="expander-list-link__icon-container"
          >
            <svg
              aria-hidden="true"
              class="hnds-style-icon expander-list-link__icon"
              fill="black"
              height="38"
              role="img"
              style="min-width: 38px; min-height: 38px;"
              viewBox="0 0 48 48"
              width="38"
            >
              <path
                d="M32.577 17.885l1.793 1.779-10.371 10.451L13.63 19.664l1.793-1.779 8.576 8.644z"
              />
            </svg>
          </span>
        </button>
      </li>
      <li
        class="expander-list__item"
      >
        <button
          class="expander-list-link expander-list-link--blueberry expander-list-link--closed"
          data-testid=""
          id="expander-2"
        >
          <span
            class="expander-list-link__link-content"
          >
            Title 3
          </span>
          <span
            class="expander-list-link__icon-container"
          >
            <svg
              aria-hidden="true"
              class="hnds-style-icon expander-list-link__icon"
              fill="black"
              height="38"
              role="img"
              style="min-width: 38px; min-height: 38px;"
              viewBox="0 0 48 48"
              width="38"
            >
              <path
                d="M32.577 17.885l1.793 1.779-10.371 10.451L13.63 19.664l1.793-1.779 8.576 8.644z"
              />
            </svg>
          </span>
        </button>
      </li>
    </ul>
  </div>
</div>
`;
