// Jest Snapshot v1, https://goo.gl/fbAQLP

exports[`renders correctly 1`] = `
<div>
  <button
    class="button-with-logos"
    type="button"
  >
    ButtonWithLogos
  </button>
</div>
`;
